// Jest Snapshot v1, https://goo.gl/fbAQLP

exports[`Activity component renders correctly 1`] = `
Object {
  "asFragment": [Function],
  "baseElement": .c1 {
  border: 1px solid black;
  border-radius: 100%;
  padding: 4px;
}

.c0 {
  padding: 5px;
  width: 70px;
  border: none;
  background: none;
  margin-right: 3px;
  margin-top: 27px;
  color: limegreen;
}

<body>
    <div>
      <button
        class="c0"
        data-testid="toggle"
        type="button"
      >
        <svg
          class="c1"
          height="30"
          viewBox="0 0 500 500"
          width="30"
        >
          <path
            d="mockIcon"
          />
        </svg>
        <p>
          mockType
        </p>
      </button>
    </div>
  </body>,
  "container": <div>
    <button
      class="sc-bwzfXH sc-htpNat enBhE"
      data-testid="toggle"
      type="button"
    >
      <svg
        class="sc-bdVaJa hEIfhB"
        height="30"
        viewBox="0 0 500 500"
        width="30"
      >
        <path
          d="mockIcon"
        />
      </svg>
      <p>
        mockType
      </p>
    </button>
  </div>,
  "debug": [Function],
  "findAllByAltText": [Function],
  "findAllByDisplayValue": [Function],
  "findAllByLabelText": [Function],
  "findAllByPlaceholderText": [Function],
  "findAllByRole": [Function],
  "findAllByTestId": [Function],
  "findAllByText": [Function],
  "findAllByTitle": [Function],
  "findByAltText": [Function],
  "findByDisplayValue": [Function],
  "findByLabelText": [Function],
  "findByPlaceholderText": [Function],
  "findByRole": [Function],
  "findByTestId": [Function],
  "findByText": [Function],
  "findByTitle": [Function],
  "getAllByAltText": [Function],
  "getAllByDisplayValue": [Function],
  "getAllByLabelText": [Function],
  "getAllByPlaceholderText": [Function],
  "getAllByRole": [Function],
  "getAllByTestId": [Function],
  "getAllByText": [Function],
  "getAllByTitle": [Function],
  "getByAltText": [Function],
  "getByDisplayValue": [Function],
  "getByLabelText": [Function],
  "getByPlaceholderText": [Function],
  "getByRole": [Function],
  "getByTestId": [Function],
  "getByText": [Function],
  "getByTitle": [Function],
  "queryAllByAltText": [Function],
  "queryAllByDisplayValue": [Function],
  "queryAllByLabelText": [Function],
  "queryAllByPlaceholderText": [Function],
  "queryAllByRole": [Function],
  "queryAllByTestId": [Function],
  "queryAllByText": [Function],
  "queryAllByTitle": [Function],
  "queryByAltText": [Function],
  "queryByDisplayValue": [Function],
  "queryByLabelText": [Function],
  "queryByPlaceholderText": [Function],
  "queryByRole": [Function],
  "queryByTestId": [Function],
  "queryByText": [Function],
  "queryByTitle": [Function],
  "rerender": [Function],
  "unmount": [Function],
}
`;
