// Jest Snapshot v1, https://goo.gl/fbAQLP

exports[`MoodPreview component matches snapshot 1`] = `
Object {
  "asFragment": [Function],
  "baseElement": <body>
    <div>
      <div
        class="sc-bwzfXH gLhJZY"
      >
        <div
          class="sc-htpNat chPvqm"
        >
          <p
            class="weekday"
          >
            Mon
          </p>
        </div>
        <div
          class="sc-bdVaJa fcqkUA sc-bxivhb chPzur"
        >
          <div>
            <p
              class="time"
            >
              1:00 AM
            </p>
            <p
              class="mood"
            >
              unhappy
            </p>
            <p
              class="count"
            >
              1 entry
            </p>
          </div>
        </div>
      </div>
    </div>
  </body>,
  "container": <div>
    <div
      class="sc-bwzfXH gLhJZY"
    >
      <div
        class="sc-htpNat chPvqm"
      >
        <p
          class="weekday"
        >
          Mon
        </p>
      </div>
      <div
        class="sc-bdVaJa fcqkUA sc-bxivhb chPzur"
      >
        <div>
          <p
            class="time"
          >
            1:00 AM
          </p>
          <p
            class="mood"
          >
            unhappy
          </p>
          <p
            class="count"
          >
            1 entry
          </p>
        </div>
      </div>
    </div>
  </div>,
  "debug": [Function],
  "findAllByAltText": [Function],
  "findAllByDisplayValue": [Function],
  "findAllByLabelText": [Function],
  "findAllByPlaceholderText": [Function],
  "findAllByRole": [Function],
  "findAllByTestId": [Function],
  "findAllByText": [Function],
  "findAllByTitle": [Function],
  "findByAltText": [Function],
  "findByDisplayValue": [Function],
  "findByLabelText": [Function],
  "findByPlaceholderText": [Function],
  "findByRole": [Function],
  "findByTestId": [Function],
  "findByText": [Function],
  "findByTitle": [Function],
  "getAllByAltText": [Function],
  "getAllByDisplayValue": [Function],
  "getAllByLabelText": [Function],
  "getAllByPlaceholderText": [Function],
  "getAllByRole": [Function],
  "getAllByTestId": [Function],
  "getAllByText": [Function],
  "getAllByTitle": [Function],
  "getByAltText": [Function],
  "getByDisplayValue": [Function],
  "getByLabelText": [Function],
  "getByPlaceholderText": [Function],
  "getByRole": [Function],
  "getByTestId": [Function],
  "getByText": [Function],
  "getByTitle": [Function],
  "queryAllByAltText": [Function],
  "queryAllByDisplayValue": [Function],
  "queryAllByLabelText": [Function],
  "queryAllByPlaceholderText": [Function],
  "queryAllByRole": [Function],
  "queryAllByTestId": [Function],
  "queryAllByText": [Function],
  "queryAllByTitle": [Function],
  "queryByAltText": [Function],
  "queryByDisplayValue": [Function],
  "queryByLabelText": [Function],
  "queryByPlaceholderText": [Function],
  "queryByRole": [Function],
  "queryByTestId": [Function],
  "queryByText": [Function],
  "queryByTitle": [Function],
  "rerender": [Function],
  "unmount": [Function],
}
`;
