// Jest Snapshot v1, https://goo.gl/fbAQLP

exports[`MoodCard renders correctly 1`] = `
Object {
  "asFragment": [Function],
  "baseElement": <body>
    <div>
      <div
        class="sc-bdVaJa fcqkUA sc-bwzfXH cBIkih"
      >
        <div
          class="date-time"
        >
          <p
            class="date"
          >
            Friday 31 December
          </p>
          <p
            class="time"
          >
            6:00 PM
          </p>
        </div>
        <p
          class="mood"
        >
          unhappy
        </p>
        <div
          class="mood-details"
        >
          <div
            class="stat-wrapper"
          >
            <div>
              <p
                class="anxiety"
              >
                ANXIETY
              </p>
              <p
                class="counter"
              >
                1
                 out of 10
              </p>
            </div>
            <div>
              <p
                class="sleep"
              >
                SLEEP
              </p>
              <p
                class="counter"
              >
                1 hour
              </p>
            </div>
            <div>
              <p
                class="weather"
              >
                WEATHER
              </p>
              <p
                class="counter"
              >
                mockWeather
              </p>
            </div>
          </div>
          <p
            class="text"
          >
            mockText
          </p>
        </div>
      </div>
    </div>
  </body>,
  "container": <div>
    <div
      class="sc-bdVaJa fcqkUA sc-bwzfXH cBIkih"
    >
      <div
        class="date-time"
      >
        <p
          class="date"
        >
          Friday 31 December
        </p>
        <p
          class="time"
        >
          6:00 PM
        </p>
      </div>
      <p
        class="mood"
      >
        unhappy
      </p>
      <div
        class="mood-details"
      >
        <div
          class="stat-wrapper"
        >
          <div>
            <p
              class="anxiety"
            >
              ANXIETY
            </p>
            <p
              class="counter"
            >
              1
               out of 10
            </p>
          </div>
          <div>
            <p
              class="sleep"
            >
              SLEEP
            </p>
            <p
              class="counter"
            >
              1 hour
            </p>
          </div>
          <div>
            <p
              class="weather"
            >
              WEATHER
            </p>
            <p
              class="counter"
            >
              mockWeather
            </p>
          </div>
        </div>
        <p
          class="text"
        >
          mockText
        </p>
      </div>
    </div>
  </div>,
  "debug": [Function],
  "findAllByAltText": [Function],
  "findAllByDisplayValue": [Function],
  "findAllByLabelText": [Function],
  "findAllByPlaceholderText": [Function],
  "findAllByRole": [Function],
  "findAllByTestId": [Function],
  "findAllByText": [Function],
  "findAllByTitle": [Function],
  "findByAltText": [Function],
  "findByDisplayValue": [Function],
  "findByLabelText": [Function],
  "findByPlaceholderText": [Function],
  "findByRole": [Function],
  "findByTestId": [Function],
  "findByText": [Function],
  "findByTitle": [Function],
  "getAllByAltText": [Function],
  "getAllByDisplayValue": [Function],
  "getAllByLabelText": [Function],
  "getAllByPlaceholderText": [Function],
  "getAllByRole": [Function],
  "getAllByTestId": [Function],
  "getAllByText": [Function],
  "getAllByTitle": [Function],
  "getByAltText": [Function],
  "getByDisplayValue": [Function],
  "getByLabelText": [Function],
  "getByPlaceholderText": [Function],
  "getByRole": [Function],
  "getByTestId": [Function],
  "getByText": [Function],
  "getByTitle": [Function],
  "queryAllByAltText": [Function],
  "queryAllByDisplayValue": [Function],
  "queryAllByLabelText": [Function],
  "queryAllByPlaceholderText": [Function],
  "queryAllByRole": [Function],
  "queryAllByTestId": [Function],
  "queryAllByText": [Function],
  "queryAllByTitle": [Function],
  "queryByAltText": [Function],
  "queryByDisplayValue": [Function],
  "queryByLabelText": [Function],
  "queryByPlaceholderText": [Function],
  "queryByRole": [Function],
  "queryByTestId": [Function],
  "queryByText": [Function],
  "queryByTitle": [Function],
  "rerender": [Function],
  "unmount": [Function],
}
`;
